// Jest Snapshot v1, https://goo.gl/fbAQLP

exports[`BlogPostPage Component renders the UI as expected 1`] = `
<body>
  <div>
    <main
      class="BlogPostPage"
    />
  </div>
</body>
`;
