// Jest Snapshot v1, https://goo.gl/fbAQLP

exports[`Account Component renders the UI as expected 1`] = `
<body>
  <div>
    <main
      class="Account"
    >
      <h1>
        username
      </h1>
      <p>
        Email: 
        email
      </p>
    </main>
  </div>
</body>
`;
